[INFO] Scanning for projects...
[INFO] 
[INFO] ------------------< com.healthcare:management-system >------------------
[INFO] Building management-system 0.0.1-SNAPSHOT
[INFO]   from pom.xml
[INFO] --------------------------------[ jar ]---------------------------------
[INFO] 
[INFO] --- clean:3.4.1:clean (default-clean) @ management-system ---
[INFO] Deleting D:\Final year project\management-system\target
[INFO] 
[INFO] --- resources:3.3.1:resources (default-resources) @ management-system ---
[INFO] Copying 1 resource from src\main\resources to target\classes
[INFO] Copying 0 resource from src\main\resources to target\classes
[INFO] 
[INFO] --- compiler:3.14.1:compile (default-compile) @ management-system ---
[INFO] Recompiling the module because of changed source code.
[INFO] Compiling 95 source files with javac [debug parameters release 17] to target\classes
[INFO] /D:/Final year project/management-system/src/main/java/com/healthcare/management_system/security/ApplicationConfig.java: D:\Final year project\management-system\src\main\java\com\healthcare\management_system\security\ApplicationConfig.java uses or overrides a deprecated API.
[INFO] /D:/Final year project/management-system/src/main/java/com/healthcare/management_system/security/ApplicationConfig.java: Recompile with -Xlint:deprecation for details.
[INFO] ------------------------------------------------------------------------
[INFO] BUILD SUCCESS
[INFO] ------------------------------------------------------------------------
[INFO] Total time:  7.120 s
[INFO] Finished at: 2026-03-30T13:33:08+05:30
[INFO] ------------------------------------------------------------------------
