[INFO] Scanning for projects...
[INFO] 
[INFO] ------------------< com.healthcare:management-system >------------------
[INFO] Building management-system 0.0.1-SNAPSHOT
[INFO]   from pom.xml
[INFO] --------------------------------[ jar ]---------------------------------
[INFO] 
[INFO] --- clean:3.4.1:clean (default-clean) @ management-system ---
[INFO] Deleting D:\Final year project\management-system\target
[INFO] 
[INFO] --- resources:3.3.1:resources (default-resources) @ management-system ---
[INFO] Copying 1 resource from src\main\resources to target\classes
[INFO] Copying 0 resource from src\main\resources to target\classes
[INFO] 
[INFO] --- compiler:3.14.1:compile (default-compile) @ management-system ---
[INFO] Recompiling the module because of changed source code.
[INFO] Compiling 57 source files with javac [debug parameters release 17] to target\classes
[INFO] /D:/Final year project/management-system/src/main/java/com/healthcare/management_system/security/ApplicationConfig.java: D:\Final year project\management-system\src\main\java\com\healthcare\management_system\security\ApplicationConfig.java uses or overrides a deprecated API.
[INFO] /D:/Final year project/management-system/src/main/java/com/healthcare/management_system/security/ApplicationConfig.java: Recompile with -Xlint:deprecation for details.
[INFO] -------------------------------------------------------------
[ERROR] COMPILATION ERROR : 
[INFO] -------------------------------------------------------------
[ERROR] /D:/Final year project/management-system/src/main/java/com/healthcare/management_system/service/MedicalRecordService.java:[122,17] cannot find symbol
  symbol:   method prescriptionFile(java.lang.String)
  location: class com.healthcare.management_system.dto.MedicalRecordResponse.MedicalRecordResponseBuilder
[INFO] 1 error
[INFO] -------------------------------------------------------------
[INFO] ------------------------------------------------------------------------
[INFO] BUILD FAILURE
[INFO] ------------------------------------------------------------------------
[INFO] Total time:  4.487 s
[INFO] Finished at: 2026-03-15T16:15:19+05:30
[INFO] ------------------------------------------------------------------------
[ERROR] Failed to execute goal org.apache.maven.plugins:maven-compiler-plugin:3.14.1:compile (default-compile) on project management-system: Compilation failure
[ERROR] /D:/Final year project/management-system/src/main/java/com/healthcare/management_system/service/MedicalRecordService.java:[122,17] cannot find symbol
[ERROR]   symbol:   method prescriptionFile(java.lang.String)
[ERROR]   location: class com.healthcare.management_system.dto.MedicalRecordResponse.MedicalRecordResponseBuilder
[ERROR] 
[ERROR] -> [Help 1]
[ERROR] 
[ERROR] To see the full stack trace of the errors, re-run Maven with the -e switch.
[ERROR] Re-run Maven using the -X switch to enable full debug logging.
[ERROR] 
[ERROR] For more information about the errors and possible solutions, please read the following articles:
[ERROR] [Help 1] http://cwiki.apache.org/confluence/display/MAVEN/MojoFailureException
